# iDOT parallel decode — zenpng 2af2a80+wip (zenflate imazen/zenflate#9 @2d4b05e), host i265, 2026-10-02
# All columns: median ms of 41 decodes (15 where noted); serial = max_threads 1; auto = max_threads 0.
# 'identical' = every parallel output byte-equal to serial; 'engaged' = parallel completions / fallbacks.

## A. Static contiguous groups (before work-queue scheduling), pin modes, iters 41
 11:57:31 up 7 days,  7:57,  5 users,  load average: 1.63, 1.07, 1.01
## taskset 0-19 pin=off
# pin=off iters=41 (median ms)
file	mp	serial	auto	x_auto	t2	t4	t8	identical	engaged
w42.png	1.11	2.71	2.06	1.31x	2.05	2.05	2.08	true	168ok/0fb
w39.png	4.53	5.64	3.95	1.43x	3.97	3.96	3.96	true	168ok/0fb
w33.png	5.18	8.40	5.69	1.48x	5.70	5.67	5.67	true	168ok/0fb
w40.png	8.06	9.72	7.00	1.39x	7.02	7.01	7.01	true	168ok/0fb
w37.png	7.62	13.00	9.86	1.32x	9.86	9.82	9.85	true	168ok/0fb
w39_e7_n2.png	4.53	7.41	4.66	1.59x	4.65	4.66	4.67	true	168ok/0fb
w39_e7_n4.png	4.53	7.39	3.50	2.11x	4.65	3.50	3.48	true	168ok/0fb
w39_e7_n8.png	4.53	7.36	4.01	1.84x	4.65	3.49	3.95	true	168ok/0fb
w37_e7_n2.png	7.62	17.71	12.43	1.42x	12.50	12.46	12.45	true	168ok/0fb
w37_e7_n4.png	7.62	17.75	7.48	2.37x	12.45	7.46	7.47	true	168ok/0fb
w37_e7_n8.png	7.62	17.76	5.65	3.14x	12.48	7.47	5.60	true	168ok/0fb
w37_2048x1024_e7_n8.png	2.10	4.90	2.99	1.64x	3.50	2.97	2.95	true	168ok/0fb
w37_1024x1024_e7_n8.png	1.05	1.98	1.58	1.25x	1.52	1.50	1.48	true	168ok/0fb
## taskset 0-19 pin=all
# pin=all iters=41 (median ms)
file	mp	serial	auto	x_auto	t2	t4	t8	identical	engaged
w42.png	1.11	2.76	1.70	1.63x	1.71	1.67	1.67	true	168ok/0fb
w39.png	4.53	5.69	3.47	1.64x	3.47	3.42	3.47	true	168ok/0fb
w33.png	5.18	8.52	4.99	1.71x	4.97	5.04	5.10	true	168ok/0fb
w40.png	8.06	9.74	5.93	1.64x	6.00	5.99	6.07	true	168ok/0fb
w37.png	7.62	12.92	8.25	1.57x	8.29	8.25	8.25	true	168ok/0fb
w39_e7_n2.png	4.53	7.41	4.28	1.73x	4.29	4.30	4.29	true	168ok/0fb
w39_e7_n4.png	4.53	7.38	3.63	2.03x	4.30	4.00	3.71	true	168ok/0fb
w39_e7_n8.png	4.53	7.53	4.38	1.72x	4.32	3.97	4.60	true	168ok/0fb
w37_e7_n2.png	7.62	17.71	10.85	1.63x	10.88	10.86	10.84	true	168ok/0fb
w37_e7_n4.png	7.62	17.72	7.23	2.45x	10.88	7.39	7.48	true	168ok/0fb
w37_e7_n8.png	7.62	17.69	6.96	2.54x	10.82	7.41	7.24	true	168ok/0fb
w37_2048x1024_e7_n8.png	2.10	4.86	2.91	1.67x	3.05	3.10	3.04	true	168ok/0fb
w37_1024x1024_e7_n8.png	1.05	1.97	1.32	1.49x	1.33	1.32	1.37	true	168ok/0fb
## taskset 0-7 pin=off
# pin=off iters=41 (median ms)
file	mp	serial	auto	x_auto	t2	t4	t8	identical	engaged
w42.png	1.11	2.73	1.67	1.64x	1.71	1.67	1.67	true	168ok/0fb
w39.png	4.53	5.65	3.42	1.65x	3.43	3.45	3.47	true	168ok/0fb
w33.png	5.18	8.44	4.96	1.70x	4.99	4.98	5.01	true	168ok/0fb
w40.png	8.06	9.80	6.00	1.63x	6.01	5.97	5.99	true	168ok/0fb
w37.png	7.62	12.97	8.25	1.57x	8.25	8.32	8.29	true	168ok/0fb
w39_e7_n2.png	4.53	7.37	4.23	1.74x	4.23	4.25	4.27	true	168ok/0fb
w39_e7_n4.png	4.53	7.39	3.54	2.09x	4.24	3.97	4.02	true	168ok/0fb
w39_e7_n8.png	4.53	7.39	4.51	1.64x	4.34	4.01	4.64	true	168ok/0fb
w37_e7_n2.png	7.62	17.77	10.88	1.63x	10.87	10.86	10.87	true	168ok/0fb
w37_e7_n4.png	7.62	17.91	7.17	2.50x	10.84	7.41	7.49	true	168ok/0fb
w37_e7_n8.png	7.62	17.81	6.93	2.57x	10.91	7.45	7.21	true	168ok/0fb
w37_2048x1024_e7_n8.png	2.10	4.84	2.87	1.69x	3.07	3.09	3.09	true	168ok/0fb
w37_1024x1024_e7_n8.png	1.05	1.98	1.35	1.47x	1.37	1.34	1.31	true	168ok/0fb
## taskset 0-7 pin=all
# pin=all iters=41 (median ms)
file	mp	serial	auto	x_auto	t2	t4	t8	identical	engaged
w42.png	1.11	2.73	1.71	1.59x	1.68	1.68	1.70	true	168ok/0fb
w39.png	4.53	5.68	3.44	1.65x	3.48	3.44	3.42	true	168ok/0fb
w33.png	5.18	8.45	4.95	1.71x	4.99	4.97	4.96	true	168ok/0fb
w40.png	8.06	9.83	5.98	1.64x	5.99	5.98	6.01	true	168ok/0fb
w37.png	7.62	12.97	8.27	1.57x	8.24	8.25	8.28	true	168ok/0fb
w39_e7_n2.png	4.53	7.36	4.27	1.72x	4.26	4.27	4.30	true	168ok/0fb
w39_e7_n4.png	4.53	7.38	3.65	2.02x	4.27	3.70	3.96	true	168ok/0fb
w39_e7_n8.png	4.53	7.38	4.39	1.68x	4.29	3.92	4.65	true	168ok/0fb
w37_e7_n2.png	7.62	17.71	10.88	1.63x	10.87	10.86	10.94	true	168ok/0fb
w37_e7_n4.png	7.62	17.74	7.19	2.47x	10.88	7.37	7.42	true	168ok/0fb
w37_e7_n8.png	7.62	17.67	7.04	2.51x	10.88	7.46	7.14	true	168ok/0fb
w37_2048x1024_e7_n8.png	2.10	4.83	2.92	1.66x	3.06	3.05	3.06	true	168ok/0fb
w37_1024x1024_e7_n8.png	1.05	1.96	1.27	1.54x	1.36	1.30	1.32	true	168ok/0fb

## B. Worker-count sweep with thresholds disabled (ZENPNG_IDOT_MIN_BYTES=1), unpinned shell, iters 41 — basis for the size thresholds
# pin=default iters=41 (median ms)
file	mp	serial	auto	x_auto	t2	t4	t8	identical	engaged
w37_256x256_e7_n8.png	0.07	0.33	0.13	2.59x	0.17	0.19	0.13	true	168ok/0fb
w39_256x256_e7_n8.png	0.07	0.27	0.14	2.02x	0.18	0.14	0.14	true	168ok/0fb
w37_512x512_e7_n8.png	0.26	0.62	0.76	0.82x	0.52	0.37	0.67	true	168ok/0fb
w39_512x512_e7_n8.png	0.26	0.46	0.75	0.62x	0.45	0.58	0.73	true	168ok/0fb
w37_768x768_e7_n8.png	0.59	1.25	1.18	1.07x	0.90	1.01	1.15	true	168ok/0fb
w39_768x768_e7_n8.png	0.59	0.80	1.10	0.73x	0.61	0.89	1.09	true	168ok/0fb
w37_1024x1024_e7_n8.png	1.05	1.94	1.84	1.06x	1.36	1.61	1.87	true	168ok/0fb
w39_1024x1024_e7_n8.png	1.05	1.58	1.54	1.03x	1.19	1.34	1.55	true	168ok/0fb
w37_1448x1448_e7_n8.png	2.10	5.16	3.29	1.57x	4.28	3.54	3.40	true	168ok/0fb
w39_1448x1448_e7_n8.png	2.10	3.96	2.80	1.41x	2.29	2.49	2.80	true	168ok/0fb
w37_2048x1024_e7_n8.png	2.10	4.84	3.30	1.47x	3.08	3.01	3.32	true	168ok/0fb
w39_2048x1024_e7_n8.png	2.10	4.66	2.91	1.60x	3.55	2.84	2.95	true	168ok/0fb
w39_e7_n8.png	4.53	7.42	4.56	1.63x	4.26	4.00	4.89	true	168ok/0fb
w33_e7_n8.png	5.18	8.47	4.55	1.86x	4.67	4.04	4.67	true	168ok/0fb
w37_e7_n8.png	7.62	17.71	6.22	2.85x	10.91	7.18	7.31	true	168ok/0fb

## C. Work-queue scheduling, pin only when segments fill <= half the fast tier (FINAL POLICY), taskset 0-19, iters 41
## taskset 0-19 (pin when segs <= tier/2)
# pin=default iters=41 (median ms)
file	mp	serial	auto	x_auto	t2	t4	t8	identical	engaged
w42.png	1.11	2.76	1.76	1.57x	1.75	1.73	1.81	true	168ok/0fb
w33.png	5.18	8.57	5.02	1.71x	5.07	5.09	5.05	true	168ok/0fb
w37.png	7.62	13.07	8.35	1.57x	8.36	8.32	8.33	true	168ok/0fb
w39_e7_n4.png	4.53	7.37	3.60	2.05x	5.26	3.65	3.67	true	168ok/0fb
w39_e7_n8.png	4.53	7.37	2.77	2.66x	4.63	3.03	2.72	true	168ok/0fb
w37_e7_n4.png	7.62	17.73	7.15	2.48x	11.98	7.16	7.46	true	168ok/0fb
w37_e7_n8.png	7.62	17.86	5.58	3.20x	10.48	6.77	5.60	true	168ok/0fb
w37_e7_n16.png	7.62	17.81	4.47	3.99x	10.44	6.46	4.34	true	168ok/0fb

## D. Work-queue scheduling, earlier pin rule (pin whenever one segment per worker), iters 41
## taskset 0-19 (default pin policy)
# pin=default iters=41 (median ms)
file	mp	serial	auto	x_auto	t2	t4	t8	identical	engaged
w42.png	1.11	2.71	1.67	1.62x	1.65	1.69	1.71	true	168ok/0fb
w39.png	4.53	5.63	3.45	1.63x	3.42	3.43	3.48	true	168ok/0fb
w33.png	5.18	8.41	4.97	1.69x	4.98	4.99	4.97	true	168ok/0fb
w40.png	8.06	9.75	6.01	1.62x	6.00	5.98	5.98	true	168ok/0fb
w37.png	7.62	12.87	8.23	1.56x	8.26	8.26	8.29	true	168ok/0fb
w39_e7_n2.png	4.53	7.27	4.21	1.73x	4.24	4.34	4.24	true	168ok/0fb
w39_e7_n4.png	4.53	7.30	3.57	2.05x	5.28	3.90	3.88	true	168ok/0fb
w39_e7_n8.png	4.53	7.32	2.78	2.64x	4.64	3.02	2.76	true	168ok/0fb
w39_e7_n16.png	4.53	7.30	2.63	2.77x	4.47	3.09	2.61	true	168ok/0fb
w37_e7_n2.png	7.62	17.66	10.91	1.62x	10.87	10.92	10.89	true	168ok/0fb
w37_e7_n4.png	7.62	17.68	7.11	2.49x	11.99	7.19	7.53	true	168ok/0fb
w37_e7_n8.png	7.62	17.66	7.08	2.49x	10.51	6.75	7.36	true	168ok/0fb
w37_e7_n16.png	7.62	17.68	4.37	4.04x	10.41	6.42	4.37	true	168ok/0fb
w37_2048x1024_e7_n8.png	2.10	4.82	3.14	1.54x	3.74	3.12	3.07	true	168ok/0fb
w37_1024x1024_e7_n8.png	1.05	1.93	1.41	1.37x	1.38	1.41	1.44	true	168ok/0fb
## taskset 0-7 (default pin policy)
# pin=default iters=41 (median ms)
file	mp	serial	auto	x_auto	t2	t4	t8	identical	engaged
w42.png	1.11	2.66	1.69	1.58x	1.66	1.71	1.73	true	168ok/0fb
w39.png	4.53	5.77	3.43	1.68x	3.46	3.45	3.47	true	168ok/0fb
w33.png	5.18	8.42	4.95	1.70x	4.97	4.97	4.97	true	168ok/0fb
w40.png	8.06	9.81	6.00	1.64x	6.00	6.00	5.97	true	168ok/0fb
w37.png	7.62	13.09	8.30	1.58x	8.30	8.27	8.26	true	168ok/0fb
w39_e7_n2.png	4.53	7.35	4.22	1.74x	4.23	4.22	4.26	true	168ok/0fb
w39_e7_n4.png	4.53	7.32	3.49	2.10x	4.75	3.70	3.88	true	168ok/0fb
w39_e7_n8.png	4.53	7.38	3.20	2.31x	4.71	3.77	3.72	true	168ok/0fb
w39_e7_n16.png	4.53	7.30	3.23	2.26x	4.37	3.51	3.61	true	168ok/0fb
w37_e7_n2.png	7.62	17.80	10.85	1.64x	10.84	10.86	10.87	true	168ok/0fb
w37_e7_n4.png	7.62	17.79	7.01	2.54x	10.55	7.19	7.47	true	168ok/0fb
w37_e7_n8.png	7.62	17.79	7.16	2.48x	10.64	7.34	7.42	true	168ok/0fb
w37_e7_n16.png	7.62	17.80	5.53	3.22x	10.02	6.41	6.35	true	168ok/0fb
w37_2048x1024_e7_n8.png	2.10	4.85	3.02	1.61x	3.21	3.14	3.13	true	168ok/0fb
w37_1024x1024_e7_n8.png	1.05	1.99	1.47	1.35x	1.46	1.46	1.45	true	168ok/0fb
